[ 5540129ms] The requested module '/src/lib/choreography.ts?t=1783942849870' does not provide an export named 'initBreathing'
[ 5562980ms] ReferenceError: initBreathing is not defined
    at http://localhost:5199/src/main.ts?t=1783942872735:29:30
[ 5680910ms] [ERROR] Failed to load resource: the server responded with a status of 404 (Not Found) @ http://localhost:5199/src/lib/webgl/air.ts?t=1783942990576:0
[ 5684030ms] [WARNING] THREE.Clock: This module has been deprecated. Please use THREE.Timer instead. @ http://localhost:5199/@vite/client:524
[ 5730723ms] [WARNING] THREE.Clock: This module has been deprecated. Please use THREE.Timer instead. @ http://localhost:5199/@vite/client:524
[ 5766893ms] [WARNING] THREE.Clock: This module has been deprecated. Please use THREE.Timer instead. @ http://localhost:5199/@vite/client:524
[ 5767013ms] [WARNING] THREE.Clock: This module has been deprecated. Please use THREE.Timer instead. @ http://localhost:5199/@vite/client:524
[ 5829510ms] [WARNING] THREE.Clock: This module has been deprecated. Please use THREE.Timer instead. @ http://localhost:5199/@vite/client:524
[ 5833037ms] [WARNING] THREE.Clock: This module has been deprecated. Please use THREE.Timer instead. @ http://localhost:5199/@vite/client:524
[ 5836048ms] [WARNING] THREE.Clock: This module has been deprecated. Please use THREE.Timer instead. @ http://localhost:5199/@vite/client:524
[ 5886818ms] [WARNING] THREE.Clock: This module has been deprecated. Please use THREE.Timer instead. @ http://localhost:5199/@vite/client:524
[ 5900768ms] [WARNING] THREE.Clock: This module has been deprecated. Please use THREE.Timer instead. @ http://localhost:5199/@vite/client:524
[ 5928000ms] [WARNING] THREE.Clock: This module has been deprecated. Please use THREE.Timer instead. @ http://localhost:5199/@vite/client:524
[ 5928096ms] [WARNING] THREE.Clock: This module has been deprecated. Please use THREE.Timer instead. @ http://localhost:5199/@vite/client:524
[ 5930690ms] [WARNING] [.WebGL-0x11c00105e00] GL_INVALID_VALUE: glTexSubImage2DRobustANGLE: Offset overflows texture dimensions. @ http://localhost:5199/?debug=1:0
[ 5968269ms] [WARNING] THREE.Clock: This module has been deprecated. Please use THREE.Timer instead. @ http://localhost:5199/@vite/client:524
[ 5974434ms] [WARNING] THREE.Clock: This module has been deprecated. Please use THREE.Timer instead. @ http://localhost:5199/@vite/client:524
[ 5985660ms] [WARNING] THREE.Clock: This module has been deprecated. Please use THREE.Timer instead. @ http://localhost:5199/@vite/client:524
[ 6022865ms] [WARNING] THREE.Clock: This module has been deprecated. Please use THREE.Timer instead. @ http://localhost:5199/@vite/client:524
[ 6024003ms] [WARNING] THREE.Clock: This module has been deprecated. Please use THREE.Timer instead. @ http://localhost:5199/@vite/client:524
[ 6037431ms] [WARNING] THREE.Clock: This module has been deprecated. Please use THREE.Timer instead. @ http://localhost:5199/@vite/client:524
